TAP version 13
# Subtest: ADR-0028 immutable V3 tuple
    # Subtest: binds existing character generations without author-origin metadata
    ok 1 - binds existing character generations without author-origin metadata
      ---
      duration_ms: 60.902486
      type: 'test'
      ...
    # Subtest: requires complete compiler inputs and matching bound generation
    ok 2 - requires complete compiler inputs and matching bound generation
      ---
      duration_ms: 35.428742
      type: 'test'
      ...
    # Subtest: rejects missing/mixed dialogue generation and reaction policy
    ok 3 - rejects missing/mixed dialogue generation and reaction policy
      ---
      duration_ms: 30.113421
      type: 'test'
      ...
    # Subtest: keeps override identity paired and rejects legacy override snapshots
    ok 4 - keeps override identity paired and rejects legacy override snapshots
      ---
      duration_ms: 26.680961
      type: 'test'
      ...
    # Subtest: supports explicit complete V3 without changing the default
    ok 5 - supports explicit complete V3 without changing the default
      ---
      duration_ms: 38.292905
      type: 'test'
      ...
    1..5
ok 1 - ADR-0028 immutable V3 tuple
  ---
  duration_ms: 193.690143
  type: 'suite'
  ...
# Subtest: ADR-0028 private agency state persistence
    # Subtest: keeps retired legacy characters blocked from new battle creation
    ok 1 - keeps retired legacy characters blocked from new battle creation
      ---
      duration_ms: 262.461752
      type: 'test'
      ...
    # Subtest: runs V3 service acceptance, SQLite reload, second judgment and stale-save rejection together
    ok 2 - runs V3 service acceptance, SQLite reload, second judgment and stale-save rejection together
      ---
      duration_ms: 180.415724
      type: 'test'
      ...
    # Subtest: persists initial and second accepted decisions via real SQLite and rejects stale CAS
    ok 3 - persists initial and second accepted decisions via real SQLite and rejects stale CAS
      ---
      duration_ms: 65.161397
      type: 'test'
      ...
    1..3
ok 2 - ADR-0028 private agency state persistence
  ---
  duration_ms: 511.110569
  type: 'suite'
  ...
# [llm] agency-fixture ready engine=fixture fast=fixture
# [llm] agency-fixture ready engine=fixture fast=fixture
# [llm] agency-fixture ready engine=fixture fast=fixture
# [llm] agency-fixture ready engine=fixture fast=fixture
# [llm] agency-fixture ready engine=fixture fast=fixture
# [llm] agency-fixture ready engine=fixture fast=fixture
# [llm] agency-fixture ready engine=fixture fast=fixture
# [battle] character agents skipped: no observer-safe action available
# [battle] character agents skipped: no observer-safe action available
# [llm] agency-fixture ready engine=fixture fast=fixture
# Subtest: ADR-0028 V3 runtime routing (network replaced, not model-quality evidence)
    # Subtest: prologue: one conscious request, no psyche request, no old free-text input
    ok 1 - prologue: one conscious request, no psyche request, no old free-text input
      ---
      duration_ms: 118.948782
      type: 'test'
      ...
    # Subtest: turn: one conscious request, no psyche request, no old free-text input
    ok 2 - turn: one conscious request, no psyche request, no old free-text input
      ---
      duration_ms: 75.494579
      type: 'test'
      ...
    # Subtest: aftermath: one conscious request, no psyche request, no old free-text input
    ok 3 - aftermath: one conscious request, no psyche request, no old free-text input
      ---
      duration_ms: 47.59737
      type: 'test'
      ...
    # Subtest: passes the accepted prior decision to the next call, permits repeated speech, and keeps private goal out of public DTO
    ok 4 - passes the accepted prior decision to the next call, permits repeated speech, and keeps private goal out of public DTO
      ---
      duration_ms: 75.971589
      type: 'test'
      ...
    # Subtest: retains valid speech independently of rejected goal/intent/action
    ok 5 - retains valid speech independently of rejected goal/intent/action
      ---
      duration_ms: 41.61326
      type: 'test'
      ...
    # Subtest: rejects tuple drift before dispatch and never silently falls back
    ok 6 - rejects tuple drift before dispatch and never silently falls back
      ---
      duration_ms: 25.748261
      type: 'test'
      ...
    # Subtest: disabled and missing observation do not dispatch, missing input holds reaction
    ok 7 - disabled and missing observation do not dispatch, missing input holds reaction
      ---
      duration_ms: 44.29372
      type: 'test'
      ...
    # Subtest: later reuses agency/reaction without ticking and excludes private/extra envelope keys
    ok 8 - later reuses agency/reaction without ticking and excludes private/extra envelope keys
      ---
      duration_ms: 35.691341
      type: 'test'
      ...
    # Subtest: rejects V3 legacy override before activation
    ok 9 - rejects V3 legacy override before activation
      ---
      duration_ms: 20.472427
      type: 'test'
      ...
    1..9
ok 3 - ADR-0028 V3 runtime routing (network replaced, not model-quality evidence)
  ---
  duration_ms: 491.220228
  type: 'suite'
  ...
1..3
# tests 17
# suites 3
# pass 17
# fail 0
# cancelled 0
# skipped 0
# todo 0
# duration_ms 2194.805968
