sealed all-tests-20261008/design-battle-boundary-recovery
sealed all-tests-20261008/implementation-boundary-routes
sealed all-tests-20261008/implementation-boundary-auth
sealed all-tests-20261008/implementation-boundary-db
sealed all-tests-20261008/implementation-boundary-control-store
sealed all-tests-20261008/implementation-boundary-admission
sealed all-tests-20261008/implementation-boundary-http-admission
sealed all-tests-20261008/implementation-boundary-characters
sealed all-tests-20261008/implementation-boundary-character-assets
sealed all-tests-20261008/implementation-boundary-generations
sealed all-tests-20261008/implementation-boundary-accounting
sealed all-tests-20261008/implementation-boundary-import
sealed all-tests-20261008/implementation-boundary-controlled-preparation
sealed all-tests-20261008/implementation-boundary-neva-fixture
sealed all-tests-20261008/implementation-boundary-battle
sealed all-tests-20261008/implementation-boundary-battles
sealed all-tests-20261008/implementation-boundary-narration-worker
sealed all-tests-20261008/implementation-boundary-dynamic
sealed all-tests-20261008/implementation-boundary-agency
sealed all-tests-20261008/implementation-boundary-guard
sealed all-tests-20261008/implementation-boundary-historical-character
sealed all-tests-20261008/implementation-boundary-historical-generations
sealed all-tests-20261008/implementation-boundary-historical-battle
sealed all-tests-20261008/implementation-boundary-offline-provider
sealed all-tests-20261008/implementation-boundary-conscious-fixture
sealed all-tests-20261008/implementation-boundary-probe-launcher
sealed all-tests-20261008/implementation-boundary-probe-launcher-v3
sealed verification/routes-cutover-http-recovery-bounded-20261008
sealed verification/character-v2-update-boundary-recovery-bounded-20261008
sealed verification/v3-battle-creation-recovery-bounded-20261008
readback complete
