TAP version 13
# Subtest: semantic authoring transport policy
    # Subtest: requires explicit time-policy identity and values when the route is selected
    ok 1 - requires explicit time-policy identity and values when the route is selected
      ---
      duration_ms: 2.749997
      type: 'test'
      ...
    # Subtest: uses the explicitly supplied provider timeout without a whole-attempt deadline
    ok 2 - uses the explicitly supplied provider timeout without a whole-attempt deadline
      ---
      duration_ms: 1.047432
      type: 'test'
      ...
    # Subtest: fails closed when an unimplemented same-run recovery policy is selected
    ok 3 - fails closed when an unimplemented same-run recovery policy is selected
      ---
      duration_ms: 0.557053
      type: 'test'
      ...
    1..3
ok 1 - semantic authoring transport policy
  ---
  duration_ms: 11.783925
  type: 'suite'
  ...
# Subtest: frozen character authoring call budget
    # Subtest: allows profile and claim calls only for newly registered create/revise policies
    ok 1 - allows profile and claim calls only for newly registered create/revise policies
      ---
      duration_ms: 2.435063
      type: 'test'
      ...
    # Subtest: restores old create/revise runs at eight calls and preserves their accounting identities
    ok 2 - restores old create/revise runs at eight calls and preserves their accounting identities
      ---
      duration_ms: 0.863811
      type: 'test'
      ...
    # Subtest: retains cumulative token and money limits despite the two additional calls
    ok 3 - retains cumulative token and money limits despite the two additional calls
      ---
      duration_ms: 0.705371
      type: 'test'
      ...
    # Subtest: rejects unknown policy identities and a ten-call migration instead of choosing a default
    ok 4 - rejects unknown policy identities and a ten-call migration instead of choosing a default
      ---
      duration_ms: 0.64081
      type: 'test'
      ...
    1..4
ok 2 - frozen character authoring call budget
  ---
  duration_ms: 5.662296
  type: 'suite'
  ...
# Subtest: semantic authoring durable ports
    # Subtest: upgrades the previous SQLite request constraint before timeout settlement
    ok 1 - upgrades the previous SQLite request constraint before timeout settlement
      ---
      duration_ms: 2.593652
      type: 'test'
      ...
    # Subtest: enforces the frozen family/mode/policy call allowance in SQLite storage
    ok 2 - enforces the frozen family/mode/policy call allowance in SQLite storage
      ---
      duration_ms: 18.827531
      type: 'test'
      ...
    # Subtest: claims a pending run and records a reservation only under the live fence
    ok 3 - claims a pending run and records a reservation only under the live fence
      ---
      duration_ms: 6.955836
      type: 'test'
      ...
    # Subtest: recovers process loss by fencing, charging unknown consumption, and rejecting late application
    ok 4 - recovers process loss by fencing, charging unknown consumption, and rejecting late application
      ---
      duration_ms: 10.980607
      type: 'test'
      ...
    # Subtest: records a transport timeout once and retains unknown usage at the reserved maximum
    ok 5 - records a transport timeout once and retains unknown usage at the reserved maximum
      ---
      duration_ms: 13.685761
      type: 'test'
      ...
    # Subtest: replays the same owner command identity to the same pending run
    ok 6 - replays the same owner command identity to the same pending run
      ---
      duration_ms: 3.618988
      type: 'test'
      ...
    # Subtest: writes a terminal failure under the live fence and closes outstanding requests
    ok 7 - writes a terminal failure under the live fence and closes outstanding requests
      ---
      duration_ms: 12.557581
      type: 'test'
      ...
    # Subtest: stores a ready_for_review family payload reference under the live fence
    ok 8 - stores a ready_for_review family payload reference under the live fence
      ---
      duration_ms: 3.99876
      type: 'test'
      ...
    # Subtest: writes a needs_owner_answer question and keeps the run closed after an answer
    ok 9 - writes a needs_owner_answer question and keeps the run closed after an answer
      ---
      duration_ms: 13.714405
      type: 'test'
      ...
    # Subtest: preserves stored old-policy run identities, request values, and receipts during table upgrade
    ok 10 - preserves stored old-policy run identities, request values, and receipts during table upgrade
      ---
      duration_ms: 615.131811
      type: 'test'
      ...
    1..10
ok 3 - semantic authoring durable ports
  ---
  duration_ms: 705.983088
  type: 'suite'
  ...
# CORRECTION_DIAGNOSTIC {"physicalCalls":7,"preparedBounds":[{"inputTokens":1000,"inputBytes":945,"outputTokens":1500},{"inputTokens":5748,"inputBytes":6134,"outputTokens":1500},{"inputTokens":3112,"inputBytes":3238,"outputTokens":1500},{"inputTokens":3027,"inputBytes":3141,"outputTokens":1500},{"inputTokens":2940,"inputBytes":3042,"outputTokens":1500},{"inputTokens":3317,"inputBytes":3375,"outputTokens":1500},{"inputTokens":3806,"inputBytes":3923,"outputTokens":1500}]}
# [image] route_hit asset=route-ready-mine
# Subtest: structured character route acceptance
    # Subtest: records provider failures without exposing a partial character
    ok 1 - records provider failures without exposing a partial character
      ---
      duration_ms: 215.209115
      type: 'test'
      ...
    # Subtest: uses current V3 attempts for create review confirm and discard routes
    ok 2 - uses current V3 attempts for create review confirm and discard routes
      ---
      duration_ms: 1145.207189
      type: 'test'
      ...
    # Subtest: does not read mutate confirm or delete legacy draft rows
    ok 3 - does not read mutate confirm or delete legacy draft rows
      ---
      duration_ms: 19.386175
      type: 'test'
      ...
    # Subtest: rejects legacy restore and portrait mutations before side effects
    ok 4 - rejects legacy restore and portrait mutations before side effects
      ---
      duration_ms: 7.280184
      type: 'test'
      ...
    # Subtest: commits immutable V3 portrait generations and rejects unavailable restore
    ok 5 - commits immutable V3 portrait generations and rejects unavailable restore
      ---
      duration_ms: 1171.781304
      type: 'test'
      ...
    # Subtest: excludes unsupported characters from every selector route
    ok 6 - excludes unsupported characters from every selector route
      ---
      duration_ms: 194.991066
      type: 'test'
      ...
    # Subtest: rejects direct battle creation for either unsupported side
    ok 7 - rejects direct battle creation for either unsupported side
      ---
      duration_ms: 25.572531
      type: 'test'
      ...
    # Subtest: upgrades an existing character only after owner confirmation
    ok 8 - upgrades an existing character only after owner confirmation
      ---
      duration_ms: 381.532998
      type: 'test'
      ...
    # Subtest: exposes in-flight authoring progress while an upgrade is running
    ok 9 - exposes in-flight authoring progress while an upgrade is running
      ---
      duration_ms: 140.08798
      type: 'test'
      ...
    # Subtest: does not surface an older awaiting draft after a later attempt fails
    ok 10 - does not surface an older awaiting draft after a later attempt fails
      ---
      duration_ms: 313.747376
      type: 'test'
      ...
    # Subtest: discards an unclaimed queued attempt before the worker runs
    ok 11 - discards an unclaimed queued attempt before the worker runs
      ---
      duration_ms: 16.097127
      type: 'test'
      ...
    # Subtest: returns a create review without a current character
    ok 12 - returns a create review without a current character
      ---
      duration_ms: 339.920881
      type: 'test'
      ...
    # Subtest: returns a compare review for upgrade and marks an older attempt stale
    ok 13 - returns a compare review for upgrade and marks an older attempt stale
      ---
      duration_ms: 284.239155
      type: 'test'
      ...
    # Subtest: lists characters without deserializing a historical candidate
    ok 14 - lists characters without deserializing a historical candidate
      ---
      duration_ms: 121.094234
      type: 'test'
      ...
    # Subtest: projects ready and failed notifications without duplicating them
    ok 15 - projects ready and failed notifications without duplicating them
      ---
      duration_ms: 302.509145
      type: 'test'
      ...
    1..15
ok 4 - structured character route acceptance
  ---
  duration_ms: 4746.322432
  type: 'suite'
  ...
# Subtest: focused authoring through the real owner command and worker
    # Subtest: generates a complete owner candidate through HTTP and activates only the explicitly confirmed digest
    ok 1 - generates a complete owner candidate through HTTP and activates only the explicitly confirmed digest
      ---
      duration_ms: 1537.872017
      type: 'test'
      ...
    # Subtest: routes a create HTTP command through bounded focused recovery and persists failure without legacy calls
    ok 2 - routes a create HTTP command through bounded focused recovery and persists failure without legacy calls
      ---
      duration_ms: 266.156887
      type: 'test'
      ...
    # Subtest: resumes a previously registered eight-call create without upgrading its frozen allowance
    ok 3 - resumes a previously registered eight-call create without upgrading its frozen allowance
      ---
      duration_ms: 225.773462
      type: 'test'
      ...
    # Subtest: routes an appearance revision from the real owner HTTP command to a non-current review candidate
    ok 4 - routes an appearance revision from the real owner HTTP command to a non-current review candidate
      ---
      duration_ms: 438.649219
      type: 'test'
      ...
    # Subtest: does not generate a candidate for ambiguous, multi-area, or invalid scope
    ok 5 - does not generate a candidate for ambiguous, multi-area, or invalid scope
      ---
      duration_ms: 407.964039
      type: 'test'
      ...
    # Subtest: carries changed-role migration meaning through the real worker into a review candidate
    ok 6 - carries changed-role migration meaning through the real worker into a review candidate
      ---
      duration_ms: 297.324955
      type: 'test'
      ...
    # Subtest: routes an exact ready V2 upgrade command into focused migration without activating it
    ok 7 - routes an exact ready V2 upgrade command into focused migration without activating it
      ---
      duration_ms: 791.450578
      type: 'test'
      ...
    # Subtest: lets the owner accept the exact focused migration candidate for Stage-scoped V3 selection
    ok 8 - lets the owner accept the exact focused migration candidate for Stage-scoped V3 selection
      ---
      duration_ms: 527.768284
      type: 'test'
      ...
    # Subtest: rolls back V3 append when the frozen source pointer drifts before owner acceptance
    ok 9 - rolls back V3 append when the frozen source pointer drifts before owner acceptance
      ---
      duration_ms: 449.752491
      type: 'test'
      ...
    # Subtest: carries an optional legacy meaning deferral through the real upgrade route
    ok 10 - carries an optional legacy meaning deferral through the real upgrade route
      ---
      duration_ms: 260.586493
      type: 'test'
      ...
    # Subtest: retries a failed owner command from the same source with a new attempt and idempotent replay
    ok 11 - retries a failed owner command from the same source with a new attempt and idempotent replay
      ---
      duration_ms: 484.809037
      type: 'test'
      ...
    # Subtest: retries a failed correction from its frozen reviewed candidate without editing the predecessor
    ok 12 - retries a failed correction from its frozen reviewed candidate without editing the predecessor
      ---
      duration_ms: 1127.730881
      type: 'test'
      ...
    # Subtest: persists source-drift failure in both lifecycles before any dispatch
    ok 13 - persists source-drift failure in both lifecycles before any dispatch
      ---
      duration_ms: 75.606167
      type: 'test'
      ...
    1..13
ok 5 - focused authoring through the real owner command and worker
  ---
  duration_ms: 6918.126837
  type: 'suite'
  ...
# Subtest: compacts schema constraints without changing bounds or confusing enum strings with JSON literals
ok 6 - compacts schema constraints without changing bounds or confusing enum strings with JSON literals
  ---
  duration_ms: 7.920874
  type: 'test'
  ...
# Subtest: preserves restrictive and preference norm values through the V3 profile adapter
ok 7 - preserves restrictive and preference norm values through the V3 profile adapter
  ---
  duration_ms: 44.238126
  type: 'test'
  ...
# Subtest: keeps previous profile facts exact when guidance has no explicit public permission
ok 8 - keeps previous profile facts exact when guidance has no explicit public permission
  ---
  duration_ms: 24.71798
  type: 'test'
  ...
# Subtest: projects only explicitly public unconditional guidance statements
ok 9 - projects only explicitly public unconditional guidance statements
  ---
  duration_ms: 35.324409
  type: 'test'
  ...
# Subtest: accepts a real V3 candidate with a guidance-backed unchanged public statement
ok 10 - accepts a real V3 candidate with a guidance-backed unchanged public statement
  ---
  duration_ms: 45.888034
  type: 'test'
  ...
# Subtest: requires generated profile and independent claim receipt before a complete focused result
ok 11 - requires generated profile and independent claim receipt before a complete focused result
  ---
  duration_ms: 123.171075
  type: 'test'
  ...
# Subtest: invalidates both profile products when definition or disclosure changes and preserves unchanged state
ok 12 - invalidates both profile products when definition or disclosure changes and preserves unchanged state
  ---
  duration_ms: 45.81965
  type: 'test'
  ...
# Subtest: rejects generated facts without public support and description outside its segments
ok 13 - rejects generated facts without public support and description outside its segments
  ---
  duration_ms: 27.0126
  type: 'test'
  ...
# Subtest: requires exactly one clean independent assessment of every segment
ok 14 - requires exactly one clean independent assessment of every segment
  ---
  duration_ms: 126.853129
  type: 'test'
  ...
# Subtest: gives profile work only approved public facts, with no raw owner source
ok 15 - gives profile work only approved public facts, with no raw owner source
  ---
  duration_ms: 12.077792
  type: 'test'
  ...
# Subtest: rejects restored progress whose digest or claim validation no longer matches its inputs
ok 16 - rejects restored progress whose digest or claim validation no longer matches its inputs
  ---
  duration_ms: 22.881882
  type: 'test'
  ...
1..16
# tests 56
# suites 5
# pass 56
# fail 0
# cancelled 0
# skipped 0
# todo 0
# duration_ms 9625.519383
