Downloading Chromium 140.0.7339.186 (playwright build v1193)[2m from https://cdn.playwright.dev/dbazure/download/playwright/builds/chromium/1193/chromium-linux.zip[22m
|                                                                                |   0% of 173.8 MiB
|■■■■■■■■                                                                        |  10% of 173.8 MiB
|■■■■■■■■■■■■■■■■                                                                |  20% of 173.8 MiB
|■■■■■■■■■■■■■■■■■■■■■■■■                                                        |  30% of 173.8 MiB
|■■■■■■■■■■■■■■■■■■■■■■■■■■■■■■■■                                                |  40% of 173.8 MiB
|■■■■■■■■■■■■■■■■■■■■■■■■■■■■■■■■■■■■■■■■                                        |  50% of 173.8 MiB
|■■■■■■■■■■■■■■■■■■■■■■■■■■■■■■■■■■■■■■■■■■■■■■■■                                |  60% of 173.8 MiB
|■■■■■■■■■■■■■■■■■■■■■■■■■■■■■■■■■■■■■■■■■■■■■■■■■■■■■■■■                        |  70% of 173.8 MiB
|■■■■■■■■■■■■■■■■■■■■■■■■■■■■■■■■■■■■■■■■■■■■■■■■■■■■■■■■■■■■■■■■                |  80% of 173.8 MiB
|■■■■■■■■■■■■■■■■■■■■■■■■■■■■■■■■■■■■■■■■■■■■■■■■■■■■■■■■■■■■■■■■■■■■■■■■        |  90% of 173.8 MiB
|■■■■■■■■■■■■■■■■■■■■■■■■■■■■■■■■■■■■■■■■■■■■■■■■■■■■■■■■■■■■■■■■■■■■■■■■■■■■■■■■| 100% of 173.8 MiB
Chromium 140.0.7339.186 (playwright build v1193) downloaded to /home/katsumata-m/.cache/ms-playwright/chromium-1193
Downloading Chromium Headless Shell 140.0.7339.186 (playwright build v1193)[2m from https://cdn.playwright.dev/dbazure/download/playwright/builds/chromium/1193/chromium-headless-shell-linux.zip[22m
|                                                                                |   0% of 104.3 MiB
|■■■■■■■■                                                                        |  10% of 104.3 MiB
|■■■■■■■■■■■■■■■■                                                                |  20% of 104.3 MiB
|■■■■■■■■■■■■■■■■■■■■■■■■                                                        |  30% of 104.3 MiB
|■■■■■■■■■■■■■■■■■■■■■■■■■■■■■■■■                                                |  40% of 104.3 MiB
|■■■■■■■■■■■■■■■■■■■■■■■■■■■■■■■■■■■■■■■■                                        |  50% of 104.3 MiB
|■■■■■■■■■■■■■■■■■■■■■■■■■■■■■■■■■■■■■■■■■■■■■■■■                                |  60% of 104.3 MiB
|■■■■■■■■■■■■■■■■■■■■■■■■■■■■■■■■■■■■■■■■■■■■■■■■■■■■■■■■                        |  70% of 104.3 MiB
|■■■■■■■■■■■■■■■■■■■■■■■■■■■■■■■■■■■■■■■■■■■■■■■■■■■■■■■■■■■■■■■■                |  80% of 104.3 MiB
|■■■■■■■■■■■■■■■■■■■■■■■■■■■■■■■■■■■■■■■■■■■■■■■■■■■■■■■■■■■■■■■■■■■■■■■■        |  90% of 104.3 MiB
|■■■■■■■■■■■■■■■■■■■■■■■■■■■■■■■■■■■■■■■■■■■■■■■■■■■■■■■■■■■■■■■■■■■■■■■■■■■■■■■■| 100% of 104.3 MiB
Chromium Headless Shell 140.0.7339.186 (playwright build v1193) downloaded to /home/katsumata-m/.cache/ms-playwright/chromium_headless_shell-1193
