TAP version 13
# Subtest: closed HTTP routes block public auth/media and preserve owner /api/me auth
ok 1 - closed HTTP routes block public auth/media and preserve owner /api/me auth
  ---
  duration_ms: 2746.853509
  type: 'test'
  ...
# Subtest: V2 display without ordinary writes
    # Subtest: serves the bound old profile despite invalid executable battle data and retains access controls
    ok 1 - serves the bound old profile despite invalid executable battle data and retains access controls
      ---
      duration_ms: 88.268205
      type: 'test'
      ...
    # Subtest: keeps current old-version display available
    ok 2 - keeps current old-version display available
      ---
      duration_ms: 14.949712
      type: 'test'
      ...
    # Subtest: does not advertise unavailable migration or create an attempt when it is requested
    ok 3 - does not advertise unavailable migration or create an attempt when it is requested
      ---
      duration_ms: 17.614296
      type: 'test'
      ...
    # Subtest: rejects every ordinary owner mutation before creating attempts or changing the row
    ok 4 - rejects every ordinary owner mutation before creating attempts or changing the row
      ---
      duration_ms: 44.338718
      type: 'test'
      ...
    # Subtest: rejects programmatic V2 creation and updates without changing stored rows
    ok 5 - rejects programmatic V2 creation and updates without changing stored rows
      ---
      duration_ms: 3.669574
      type: 'test'
      ...
    # Subtest: retires dormant V2 provider generation before touching the provider or reporting work
    ok 6 - retires dormant V2 provider generation before touching the provider or reporting work
      ---
      duration_ms: 3.482166
      type: 'test'
      ...
    # Subtest: rejects V2 portrait writes and keeps full restore unavailable
    ok 7 - rejects V2 portrait writes and keeps full restore unavailable
      ---
      duration_ms: 3.200511
      type: 'test'
      ...
    # Subtest: rejects legacy generation writes through the real generic repository
    ok 8 - rejects legacy generation writes through the real generic repository
      ---
      duration_ms: 35.988033
      type: 'test'
      ...
    # Subtest: keeps historical fixture writes outside the runtime dependency graph
    not ok 9 - keeps historical fixture writes outside the runtime dependency graph
      ---
      duration_ms: 51.573322
      type: 'test'
      location: '/home/katsumata-m/.codex/worktrees/cc304-focused-revise-kshiai/backend/src/services/character-v2-update-boundary.test.ts:1:10472'
      failureType: 'testCodeFailure'
      error: '/home/katsumata-m/.codex/worktrees/cc304-focused-revise-kshiai/backend/src/scripts/semantic-migration-probe-fixture.ts'
      code: 'ERR_ASSERTION'
      name: 'AssertionError'
      expected:
      actual: |-
        import {
          CharacterGenerationEnvelopeV2Schema, CharacterSemanticMigrationAttemptV1Schema,
          CHARACTER_SEMANTIC_MIGRATION_CONTRACT_V1, CHARACTER_SEMANTIC_MIGRATION_RESPONSE_SCHEMA_V1,
          defaultBasicAttack, defaultParameters, type CharacterSheet,
        } from "@kshiai/shared";
        import { buildImportedCharacterEnvelopeV2 } from "../services/character-authoring-service.js";
        import { assetContentDigest, createAssetGeneration } from "../testing/historical-asset-generations.js";
        import { characterSemanticMigrationInitialRequestDigest } from "../repositories/character-semantic-migration.js";
        import { databaseKind, query } from "../db.js";
        import { MIGRATION_PROBE_CONTRACT } from "../llm/character-migration-probe-provider.js";
        import type { SemanticMigrationProbeRun } from "./semantic-migration-probe-run.js";
        
        export const PROBE_STAMP = "2026-09-10T00:00:00.000Z";
        
        export function semanticMigrationProbeSource() {
          const sheet: CharacterSheet = {
            id: "migration-probe-akari", ownerUserId: "migration-probe-owner",
            displayName: "検証用アカリ", tags: [], traits: [],
            createdAt: PROBE_STAMP, updatedAt: PROBE_STAMP,
            appearance: { summary: "青い外套の剣士", visualPrompt: "synthetic blue cloak" },
            parameters: defaultParameters(), skills: [], basicAttack: defaultBasicAttack(),
            weapon: null, armor: null,
            combatFlags: { canFight: true, irreversibleIncapacitated: false },
            narrativeBlurb: "移行検証専用の架空の剣士。",
          };
          const imported = buildImportedCharacterEnvelopeV2({ sheet, attemptId: "probe-import" });
          const always = { match: "all", clauses: [{ kind: "always", operator: "is", value: "true" }] };
          const common = { when: always, priority: 60, force: "preference",
            selfAwareness: "aware", exceptions: [], description: null };
          const source = CharacterGenerationEnvelopeV2Schema.parse({
            ...imported,
            definition: { ...imported.definition, actionNorms: [
              { ...common, id: "probe-enjoy", response: {
                disposition: "prefer", actionRefs: [], actionKinds: [], tacticTags: [],
                statement: "勝利だけに固執せず、相手との攻防を楽しみたい。",
                fallbackActionRef: imported.definition.capabilities.basicAction.id,
              } },
              { ...common, id: "probe-basic", priority: 40, response: {
                disposition: "prefer", actionRefs: [imported.definition.capabilities.basicAction.id],
                actionKinds: [], tacticTags: [], statement: "基本攻撃を優先したい。", fallbackActionRef: null,
              } },
            ] },
          });
          return { sheet, source };
        }
        
        // Imported only after the standalone launcher has selected its fresh SQLite directory.
        export async function seedSemanticMigrationProbe(run: SemanticMigrationProbeRun = {
          runId: MIGRATION_PROBE_CONTRACT.runId,
          promptIdentity: "character-semantic-migration-prompt-v1",
        }) {
          if (databaseKind() !== "sqlite" || process.env.NODE_ENV !== "test") {
            throw new Error("SEMANTIC_PROBE_ISOLATED_SQLITE_REQUIRED");
          }
          const existing = await query<{ count: number }>(
            "SELECT (SELECT COUNT(*) FROM users) + (SELECT COUNT(*) FROM characters) + (SELECT COUNT(*) FROM asset_generations) AS count", []);
          if (Number(existing.rows[0]?.count) !== 0) throw new Error("SEMANTIC_PROBE_FRESH_DATABASE_REQUIRED");
          const { sheet, source } = semanticMigrationProbeSource();
          await query("INSERT INTO users (id,username,password_hash,created_at) VALUES ($1,$1,'probe',$2)",
            [sheet.ownerUserId, PROBE_STAMP]);
          await query(`INSERT INTO characters (id,owner_user_id,sheet_json,created_at,updated_at)
            VALUES ($1,$2,$3,$4,$4)`, [sheet.id, sheet.ownerUserId, JSON.stringify(sheet), PROBE_STAMP]);
          const generation = await createAssetGeneration({
            assetType: "character", assetId: sheet.id, schemaVersion: 2, content: source, createdAt: PROBE_STAMP,
          });
          await query(`INSERT INTO character_asset_states
            (character_id,compatibility_status,current_generation_id,updated_at)
            VALUES ($1,'ready',$2,$3)`, [sheet.id, generation.generationId, PROBE_STAMP]);
          const base = CharacterSemanticMigrationAttemptV1Schema.omit({ initialRequestDigest: true }).parse({
            migrationAttemptId: run.runId,
            ownerUserId: sheet.ownerUserId, characterId: sheet.id,
            sourceGenerationId: generation.generationId, sourceSchemaVersion: 2,
            sourceContent: source, sourceContentDigest: assetContentDigest(source), naturalSource: null,
            targetSchemaVersion: 3, migrationContractId: CHARACTER_SEMANTIC_MIGRATION_CONTRACT_V1,
            promptIdentity: run.promptIdentity,
            responseSchemaIdentity: CHARACTER_SEMANTIC_MIGRATION_RESPONSE_SCHEMA_V1,
            providerRoute: MIGRATION_PROBE_CONTRACT.endpoint, modelIdentity: MIGRATION_PROBE_CONTRACT.model,
            compilerCapabilities: { contractVersion: 1, required: [
              { consumer: "character-action-norms", version: 3 },
              { consumer: "character-mechanical-conflict-fallback", version: 1 },
            ] },
            createdAt: PROBE_STAMP,
          });
          return { ...base, initialRequestDigest: characterSemanticMigrationInitialRequestDigest(base) };
        }
        
      operator: 'doesNotMatch'
      stack: |-
        visit (/home/katsumata-m/.codex/worktrees/cc304-focused-revise-kshiai/backend/src/services/character-v2-update-boundary.test.ts:145:16)
        visit (/home/katsumata-m/.codex/worktrees/cc304-focused-revise-kshiai/backend/src/services/character-v2-update-boundary.test.ts:142:66)
        TestContext.<anonymous> (/home/katsumata-m/.codex/worktrees/cc304-focused-revise-kshiai/backend/src/services/character-v2-update-boundary.test.ts:148:5)
        Test.runInAsyncScope (node:async_hooks:214:14)
        Test.run (node:internal/test_runner/test:1047:25)
        Suite.processPendingSubtests (node:internal/test_runner/test:744:18)
        Test.postRun (node:internal/test_runner/test:1173:19)
        Test.run (node:internal/test_runner/test:1101:12)
        async Suite.processPendingSubtests (node:internal/test_runner/test:744:7)
      ...
    # Subtest: preserves the legacy definition when saving bound battle accounting facts
    ok 10 - preserves the legacy definition when saving bound battle accounting facts
      ---
      duration_ms: 8.439754
      type: 'test'
      ...
    # Subtest: does not fall back to V2 creation or migration when no V3 authoring provider exists
    ok 11 - does not fall back to V2 creation or migration when no V3 authoring provider exists
      ---
      duration_ms: 14.710657
      type: 'test'
      ...
    # Subtest: rejects confirmation of a previously stored V2 candidate without changing its generation
    ok 12 - rejects confirmation of a previously stored V2 candidate without changing its generation
      ---
      duration_ms: 34.083972
      type: 'test'
      ...
    # Subtest: retains direct validated V3 candidate preparation and activation
    ok 13 - retains direct validated V3 candidate preparation and activation
      ---
      duration_ms: 142.292037
      type: 'test'
      ...
    # Subtest: keeps a bound V2 profile independent of the owner's current V3 generation
    ok 14 - keeps a bound V2 profile independent of the owner's current V3 generation
      ---
      duration_ms: 64.861384
      type: 'test'
      ...
    1..14
not ok 2 - V2 display without ordinary writes
  ---
  duration_ms: 539.090698
  type: 'suite'
  location: '/home/katsumata-m/.codex/worktrees/cc304-focused-revise-kshiai/backend/src/services/character-v2-update-boundary.test.ts:1:3229'
  failureType: 'subtestsFailed'
  error: '1 subtest failed'
  code: 'ERR_TEST_FAILURE'
  ...
# [battles] advance start v3-battle-bound
# [battles] advance ok v3-battle-bound turn=1 265ms aft=0
# [battles] advance stream start v3-battle-bound
# [battles] advance stream ok v3-battle-bound turn=2 154ms aft=0
# [balance] battle ok v3-battle-bound turns=12 maxHit=15% earlyKo=0 oneShot=0 winner=a
# [battles] startBattle failed MY_CHARACTER_V3_CAPABILITY_BLOCKED Error: MY_CHARACTER_V3_CAPABILITY_BLOCKED
#     at resolveBattleParticipants (/home/katsumata-m/.codex/worktrees/cc304-focused-revise-kshiai/backend/src/services/battle-service.ts:611:49)
#     at async startBattle (/home/katsumata-m/.codex/worktrees/cc304-focused-revise-kshiai/backend/src/services/battle-service.ts:640:7)
#     at async <anonymous> (/home/katsumata-m/.codex/worktrees/cc304-focused-revise-kshiai/backend/src/routes.ts:2616:11)
#     at async dispatch (file:///home/katsumata-m/.codex/worktrees/cc304-focused-revise-kshiai/node_modules/hono/dist/compose.js:22:17)
#     at async requireUser (/home/katsumata-m/.codex/worktrees/cc304-focused-revise-kshiai/backend/src/auth.ts:233:3)
#     at async dispatch (file:///home/katsumata-m/.codex/worktrees/cc304-focused-revise-kshiai/node_modules/hono/dist/compose.js:22:17)
#     at async dispatch (file:///home/katsumata-m/.codex/worktrees/cc304-focused-revise-kshiai/node_modules/hono/dist/compose.js:22:17)
#     at async file:///home/katsumata-m/.codex/worktrees/cc304-focused-revise-kshiai/node_modules/hono/dist/hono-base.js:308:25
#     at async TestContext.<anonymous> (/home/katsumata-m/.codex/worktrees/cc304-focused-revise-kshiai/backend/src/services/v3-battle-creation.test.ts:345:27)
#     at async Test.run (node:internal/test_runner/test:1054:7)
# [battles] advance start btl_15badb7f34869b37514b401ec1f94efb
# [battles] advance ok btl_15badb7f34869b37514b401ec1f94efb turn=0 317ms aft=0
# [battles] advance stream start btl_15badb7f34869b37514b401ec1f94efb
# [battles] advance stream ok btl_15badb7f34869b37514b401ec1f94efb turn=1 1086ms aft=0
# Subtest: ADR-0039 V3 character battle binding
    # Subtest: continues a historical V4 battle and keeps exact V3 character generations after pointer changes and reload
    ok 1 - continues a historical V4 battle and keeps exact V3 character generations after pointer changes and reload
      ---
      duration_ms: 8255.877094
      type: 'test'
      ...
    # Subtest: creates awareness-v5 with V3 characters and keeps their exact generations after pointer changes
    ok 2 - creates awareness-v5 with V3 characters and keeps their exact generations after pointer changes
      ---
      duration_ms: 355.040015
      type: 'test'
      ...
    # Subtest: advances a V4 battle whose frozen norms allow only free actions
    ok 3 - advances a V4 battle whose frozen norms allow only free actions
      ---
      duration_ms: 232.776687
      type: 'test'
      ...
    # Subtest: reserves repair durably without committing unfinished phase state and does not reset on reload
    ok 4 - reserves repair durably without committing unfinished phase state and does not reset on reload
      ---
      duration_ms: 164.006316
      type: 'test'
      ...
    1..4
ok 3 - ADR-0039 V3 character battle binding
  ---
  duration_ms: 9010.510579
  type: 'suite'
  ...
1..3
# tests 19
# suites 2
# pass 18
# fail 1
# cancelled 0
# skipped 0
# todo 0
# duration_ms 11182.041222
