TAP version 13
# [llm] xai ready engine=grok-4-fast-non-reasoning fast=grok-4-fast-non-reasoning
# [llm] xai ready engine=grok-4-fast-non-reasoning fast=grok-4-fast-non-reasoning
# [llm] xai ready engine=grok-4.3 fast=grok-4.3
# Subtest: OpenAI-compatible narrator speech rendering
    # Subtest: hides canonical speaker names, accepts free labels, and keeps scene speech
    ok 1 - hides canonical speaker names, accepts free labels, and keeps scene speech
      ---
      duration_ms: 11.752691
      type: 'test'
      ...
    1..1
ok 1 - OpenAI-compatible narrator speech rendering
  ---
  duration_ms: 13.749707
  type: 'suite'
  ...
# Subtest: OpenAI-compatible causal narration input
    # Subtest: sends a role-labelled brief and adds causal facts only with a projection
    ok 1 - sends a role-labelled brief and adds causal facts only with a projection
      ---
      duration_ms: 4.348801
      type: 'test'
      ...
    1..1
ok 2 - OpenAI-compatible causal narration input
  ---
  duration_ms: 4.664918
  type: 'suite'
  ...
# Subtest: OpenAI-compatible judgment presentation input
    # Subtest: admits the public projection but not raw adjudication prose
    ok 1 - admits the public projection but not raw adjudication prose
      ---
      duration_ms: 3.111899
      type: 'test'
      ...
    1..1
ok 3 - OpenAI-compatible judgment presentation input
  ---
  duration_ms: 3.515635
  type: 'suite'
  ...
# Subtest: narration perception views
    # Subtest: marks the player and opponent viewpoint subjects explicitly
    ok 1 - marks the player and opponent viewpoint subjects explicitly
      ---
      duration_ms: 12.312763
      type: 'test'
      ...
    # Subtest: offers only stable view subjects for narrator recognition updates
    ok 2 - offers only stable view subjects for narrator recognition updates
      ---
      duration_ms: 4.950931
      type: 'test'
      ...
    # Subtest: uses an unlinked apparent identity instead of the canonical name
    ok 3 - uses an unlinked apparent identity instead of the canonical name
      ---
      duration_ms: 1.756854
      type: 'test'
      ...
    # Subtest: supplies every canonical ID only to omniscient narration
    ok 4 - supplies every canonical ID only to omniscient narration
      ---
      duration_ms: 6.133865
      type: 'test'
      ...
    # Subtest: maps every fluid focus to the matching view without another model step
    ok 5 - maps every fluid focus to the matching view without another model step
      ---
      duration_ms: 9.028329
      type: 'test'
      ...
    # Subtest: repairs exact IDs in paragraphs, speaker names, and dialogue
    ok 6 - repairs exact IDs in paragraphs, speaker names, and dialogue
      ---
      duration_ms: 9.028036
      type: 'test'
      ...
    # Subtest: derives A and B narrator inputs without crossing their observation boundary
    ok 7 - derives A and B narrator inputs without crossing their observation boundary
      ---
      duration_ms: 21.702116
      type: 'test'
      ...
    1..7
ok 4 - narration perception views
  ---
  duration_ms: 68.030292
  type: 'suite'
  ...
# Subtest: narrator presentation focus
    # Subtest: selects one decisive committed consequence over weaker alternatives
    ok 1 - selects one decisive committed consequence over weaker alternatives
      ---
      duration_ms: 6.286821
      type: 'test'
      ...
    # Subtest: uses release only for a committed quiet event
    ok 2 - uses release only for a committed quiet event
      ---
      duration_ms: 5.440023
      type: 'test'
      ...
    # Subtest: ignores stable conditions and unattributed consequences without a safe target
    ok 3 - ignores stable conditions and unattributed consequences without a safe target
      ---
      duration_ms: 3.772287
      type: 'test'
      ...
    # Subtest: adds the focus only under the explicit experimental mode
    ok 4 - adds the focus only under the explicit experimental mode
      ---
      duration_ms: 3.285332
      type: 'test'
      ...
    1..4
ok 5 - narrator presentation focus
  ---
  duration_ms: 20.582457
  type: 'suite'
  ...
1..5
# tests 14
# suites 5
# pass 14
# fail 0
# cancelled 0
# skipped 0
# todo 0
# duration_ms 1473.44667
