sealed all-tests-20261008/design-semantic-kernel-recovery
sealed all-tests-20261008/implementation-semantic-recovery-contracts
sealed all-tests-20261008/implementation-semantic-recovery-public-contracts
sealed all-tests-20261008/implementation-semantic-recovery-migration-contracts
sealed all-tests-20261008/implementation-semantic-recovery-character-contracts
sealed all-tests-20261008/implementation-semantic-recovery-accounting
sealed all-tests-20261008/implementation-semantic-recovery-kernel
sealed all-tests-20261008/implementation-semantic-recovery-capability-session
sealed all-tests-20261008/implementation-semantic-recovery-progress-monitor
sealed all-tests-20261008/implementation-semantic-recovery-orchestration
sealed all-tests-20261008/implementation-semantic-recovery-ports
sealed all-tests-20261008/implementation-semantic-recovery-scripted-ports
sealed all-tests-20261008/implementation-semantic-recovery-execution
sealed all-tests-20261008/implementation-semantic-recovery-execution-policy
sealed all-tests-20261008/implementation-semantic-recovery-provider
sealed all-tests-20261008/implementation-semantic-recovery-public-mapping
sealed all-tests-20261008/implementation-semantic-recovery-pending-preservation
sealed all-tests-20261008/implementation-semantic-recovery-character-deferral
sealed all-tests-20261008/implementation-semantic-recovery-character-ledger
sealed all-tests-20261008/implementation-semantic-recovery-character-adapter
sealed all-tests-20261008/implementation-semantic-recovery-family-adapter
sealed all-tests-20261008/implementation-semantic-recovery-battlefield-adapter
sealed all-tests-20261008/implementation-semantic-recovery-narration-adapter
sealed verification/semantic-recovery-provider-bounded-20261008
sealed verification/semantic-recovery-character-adapter-bounded-20261008
sealed verification/semantic-recovery-public-mapping-bounded-20261008
sealed verification/semantic-recovery-character-contracts-bounded-20261008
sealed verification/semantic-recovery-conformance-bounded-20261008
readback complete
